<html>
<body>
<pre>
<h1>礦ision Build Log</h1>
<h2>Tool Versions:</h2>
IDE-Version: μVision V5.12.0.0
Copyright (C) 2014 ARM Ltd and ARM Germany GmbH. All rights reserved.
License Information: 123 Microsoft, Microsoft, LIC=VGX30-B8JEF-6Q20X-HR0LE-44UU2-IHSLK
 
Tool Versions:
Toolchain:       MDK-ARM Standard  Version: 5.12.0.0
Toolchain Path:  C:\Keil_v5\ARM\ARMCC\Bin
C Compiler:      Armcc.exe V5.05 (build 41)
Assembler:       Armasm.exe V5.05 (build 41)
Linker/Locator:  ArmLink.exe V5.05 (build 41)
Library Manager: ArmAr.exe V5.05 (build 41)
Hex Converter:   FromElf.exe V5.05 (build 41)
CPU DLL:         SARMCM3.DLL V5.12.0.0
Dialog DLL:      DCM.DLL V1.13.0.0
    Target DLL: Segger\JL2CM3.dll
Dialog DLL:      TCM.DLL V1.14.2.0
 
<h2>Project:</h2>
F:\桌面备份\手机充电器\蓝鲸源60W充电器工装\软件程序设计\总程序 2019-3-15增加QC等待时间\All_Phone_Program\USER\USB_program.uvprojx
Project File Date:  02/24/2019

<h2>Output:</h2>
Build target 'USB_program'
compiling main.c...
compiling stm32f10x_it.c...
compiling system_stm32f10x.c...
compiling core_cm3.c...
assembling startup_stm32f10x_hd.s...
compiling misc.c...
compiling stm32f10x_adc.c...
compiling stm32f10x_bkp.c...
compiling stm32f10x_can.c...
compiling stm32f10x_cec.c...
compiling stm32f10x_crc.c...
compiling stm32f10x_dac.c...
compiling stm32f10x_dbgmcu.c...
compiling stm32f10x_dma.c...
compiling stm32f10x_exti.c...
compiling stm32f10x_flash.c...
compiling stm32f10x_fsmc.c...
compiling stm32f10x_gpio.c...
compiling stm32f10x_i2c.c...
compiling stm32f10x_iwdg.c...
compiling stm32f10x_pwr.c...
compiling stm32f10x_rcc.c...
compiling stm32f10x_rtc.c...
compiling stm32f10x_sdio.c...
compiling stm32f10x_spi.c...
compiling stm32f10x_tim.c...
compiling stm32f10x_usart.c...
compiling stm32f10x_wwdg.c...
compiling delay.c...
compiling led.c...
compiling pbdata.c...
compiling relay.c...
compiling switch.c...
compiling sys.c...
compiling timer.c...
compiling usart2.c...
compiling adc.c...
compiling screen.c...
compiling Port_30W.c...
compiling Port_60W.c...
compiling Port_AA_100W.c...
compiling Port_AC_100W.c...
compiling Port_AC_DC_100W.c...
compiling Port_CAR_18W.c...
compiling SEGGER_RTT.c...
compiling SEGGER_RTT_printf.c...
..\SYSTEM\Trace\SEGGER_RTT_printf.c(300): warning:  #111-D: statement is unreachable
          default:  goto FilterFieldWidth;                   break;
..\SYSTEM\Trace\SEGGER_RTT_printf.c: 1 warning, 0 errors
linking...
Program Size: Code=20484 RO-data=364 RW-data=268 ZI-data=3004  
FromELF: creating hex file...
".\Objects\USB_program.axf" - 0 Error(s), 1 Warning(s).

<h2>Collection of Component include folders:</h2>
  F:\桌面备份\手机充电器\蓝鲸源60W充电器工装\软件程序设计\总程序 2019-3-15增加QC等待时间\All_Phone_Program\USER\RTE
  C:\Keil_v5\ARM\PACK\Keil\STM32F1xx_DFP\1.1.0\Device\Include

<h2>Collection of Component Files used:</h2>
</pre>
</body>
</html>
